../Core/Src/main.c:86:6:microDelay	16	static
../Core/Src/main.c:92:9:DHT11_Start	32	static
../Core/Src/main.c:123:9:DHT11_Read	16	static
../Core/Src/main.c:155:5:main	144	static
../Core/Src/main.c:258:6:SystemClock_Config	88	static
../Core/Src/main.c:305:13:MX_ADC1_Init	24	static
../Core/Src/main.c:352:13:MX_I2C1_Init	8	static
../Core/Src/main.c:386:13:MX_TIM1_Init	32	static
../Core/Src/main.c:432:13:MX_USART1_UART_Init	8	static
../Core/Src/main.c:465:13:MX_GPIO_Init	40	static
../Core/Src/main.c:502:6:HAL_UART_RxCpltCallback	168	static
../Core/Src/main.c:563:6:Error_Handler	4	static,ignoring_inline_asm
